// Jest Snapshot v1, https://goo.gl/fbAQLP

exports[`Testing login view should match snapshot 1`] = `
<View
  style={
    Object {
      "alignItems": "center",
      "height": 1334,
      "justifyContent": "center",
      "width": "100%",
    }
  }
>
  <View
    style={
      Object {
        "alignItems": "stretch",
        "backgroundColor": "white",
        "borderRadius": 12,
        "elevation": 5,
        "height": 400.2,
        "justifyContent": "space-evenly",
        "marginBottom": 180,
        "padding": 16,
        "width": 562.5,
      }
    }
  >
    <View
      style={
        Object {
          "alignItems": "stretch",
          "backgroundColor": "white",
          "borderRadius": 22,
          "elevation": 2,
          "height": 44,
          "justifyContent": "center",
          "paddingHorizontal": 8,
          "width": "100%",
        }
      }
    >
      <TextInput
        autoCapitalize="none"
        keyboardType="email-address"
        onChangeText={[Function]}
        placeholder="Email"
        testID="email-input"
        textContentType="emailAddress"
        value=""
      />
    </View>
    <View
      style={
        Object {
          "alignItems": "stretch",
          "backgroundColor": "white",
          "borderRadius": 22,
          "elevation": 2,
          "height": 44,
          "justifyContent": "center",
          "paddingHorizontal": 8,
          "width": "100%",
        }
      }
    >
      <TextInput
        onChangeText={[Function]}
        placeholder="Senha"
        secureTextEntry={true}
        testID="password-input"
        value=""
      />
    </View>
    <View
      accessible={true}
      collapsable={false}
      focusable={true}
      onClick={[Function]}
      onResponderGrant={[Function]}
      onResponderMove={[Function]}
      onResponderRelease={[Function]}
      onResponderTerminate={[Function]}
      onResponderTerminationRequest={[Function]}
      onStartShouldSetResponder={[Function]}
      style={
        Object {
          "alignItems": "center",
          "backgroundColor": "#1976d2",
          "borderRadius": 20,
          "elevation": 5,
          "height": 40,
          "justifyContent": "center",
          "opacity": 1,
          "width": "100%",
        }
      }
      testID="sign-in-button"
    >
      <Text
        style={
          Object {
            "color": "white",
            "fontSize": 14,
            "fontWeight": "500",
          }
        }
      >
        LOGIN
      </Text>
    </View>
  </View>
</View>
`;
